// Jest Snapshot v1, https://goo.gl/fbAQLP

exports[`Footer Should render correctly footer 1`] = `
<DocumentFragment>
  <footer
    class="page-footer"
  >
    <div
      class="logo"
    >
      <a
        class="logo__link logo__link--light"
      >
        <span
          class="logo__letter logo__letter--1"
        >
          W
        </span>
        <span
          class="logo__letter logo__letter--2"
        >
          T
        </span>
        <span
          class="logo__letter logo__letter--3"
        >
          W
        </span>
      </a>
    </div>
    <div
      class="copyright"
    >
      <p>
        Â© 2019 What to watch Ltd.
      </p>
    </div>
  </footer>
</DocumentFragment>
`;
