// Jest Snapshot v1, https://goo.gl/fbAQLP

exports[`Button Should render correctly a catalog 1`] = `
<DocumentFragment>
  <button
    class="btn "
  >
    Play
  </button>
</DocumentFragment>
`;
