// Jest Snapshot v1, https://goo.gl/fbAQLP

exports[`WithActiveTab hoc Should render correctly WithActiveTab HOC 1`] = `
<wrappedComponent
  onChangeActiveTab={[MockFunction]}
  tabDetails={[Function]}
  tabNavs={
    Array [
      "Overview",
      "Details",
      "Reviews",
    ]
  }
/>
`;
