// Jest Snapshot v1, https://goo.gl/fbAQLP

exports[`Main Should render correctly main page 1`] = `
<DocumentFragment>
  <section
    class="movie-card"
  >
    <header
      class="page-header movie-card__head"
    >
      <div
        class="logo"
      >
        <a
          class="logo__link"
        >
          <span
            class="logo__letter logo__letter--1"
          >
            W
          </span>
          <span
            class="logo__letter logo__letter--2"
          >
            T
          </span>
          <span
            class="logo__letter logo__letter--3"
          >
            W
          </span>
        </a>
      </div>
      <div
        class="user-block"
      >
        <div
          class="user-block"
        >
          <a
            class="user-block__link"
            href="sign-in.html"
          >
            Sign in
          </a>
        </div>
      </div>
    </header>
    <div
      class="movie-card__bg"
    >
      <img
        alt="The Grand Budapest Hotel"
      />
    </div>
    <h1
      class="visually-hidden"
    >
      WTW
    </h1>
    <div
      class="movie-card__wrap"
    >
      <div
        class="movie-card__info"
      >
        <div
          class="movie-card__poster"
        >
          <img
            height="327"
            width="218"
          />
        </div>
        <div
          class="movie-card__desc"
        >
          <h2
            class="movie-card__title"
          />
          <p
            class="movie-card__meta"
          >
            <span
              class="movie-card__genre"
            />
            <span
              class="movie-card__year"
            />
          </p>
          <div
            class="movie-card__buttons"
          >
            <button
              class="btn btn--play movie-card__button"
            >
              <svg
                height="19"
                viewBox="0 0 19 19"
                width="19"
              >
                <use
                  xlink:href="#play-s"
                />
              </svg>
              <span>
                Play
              </span>
            </button>
            <button
              class="btn btn--list movie-card__button"
            >
              <svg
                height="20"
                viewBox="0 0 19 20"
                width="19"
              >
                <use
                  xlink:href="#add"
                />
              </svg>
              <span>
                My list
              </span>
            </button>
          </div>
        </div>
      </div>
    </div>
  </section>
  <div
    class="page-content"
  >
    <section
      class="catalog"
    >
      <h2
        class="catalog__title visually-hidden"
      >
        Catalog
      </h2>
      <ul
        class="catalog__genres-list"
      >
        <li
          class="catalog__genres-item catalog__genres-item--active"
        >
          <a
            class="catalog__genres-link"
            href="#"
          >
            All genres
          </a>
        </li>
      </ul>
      <div
        class="catalog__movies-list"
      />
    </section>
    <footer
      class="page-footer"
    >
      <div
        class="logo"
      >
        <a
          class="logo__link logo__link--light"
        >
          <span
            class="logo__letter logo__letter--1"
          >
            W
          </span>
          <span
            class="logo__letter logo__letter--2"
          >
            T
          </span>
          <span
            class="logo__letter logo__letter--3"
          >
            W
          </span>
        </a>
      </div>
      <div
        class="copyright"
      >
        <p>
          Â© 2019 What to watch Ltd.
        </p>
      </div>
    </footer>
  </div>
</DocumentFragment>
`;
