// Jest Snapshot v1, https://goo.gl/fbAQLP

exports[`App Should render correctly an app 1`] = `
<DocumentFragment>
  <div>
    ...LOADING
  </div>
</DocumentFragment>
`;
