// Jest Snapshot v1, https://goo.gl/fbAQLP

exports[`MovieList Should render correctly movie list 1`] = `[Function]`;
